// Jest Snapshot v1, https://goo.gl/fbAQLP

exports[`QueriesController queries should match the snapshot of the rendered query page 1`] = `
Readable {
  "_events": Object {
    "close": undefined,
    "data": undefined,
    "end": undefined,
    "error": undefined,
    "readable": undefined,
  },
  "_maxListeners": undefined,
  "_read": [Function],
  "_readableState": ReadableState {
    "awaitDrainWriters": null,
    "buffer": Array [],
    "bufferIndex": 0,
    "highWaterMark": 16,
    "length": 0,
    "pipes": Array [],
    Symbol(kState): 1052941,
  },
  Symbol(shapeMode): true,
  Symbol(kCapture): false,
}
`;
